
JOB finished! Time used: 0.03 seconds
Processing a single file ...

PDB data file name: url064.pdb_new

########################################################RNA/DNA chain_ID:  A  from residue   70 to   81
RNA/DNA chain_ID:  B  from residue   96 to  107

The backbone torsion angles are in url064.pdb_new_torsion.out

Finding all the base pairs...
pair-type    1    1   23 ++c
pair-type    2    2   22 ++c
pair-type    3    3   21 SHt
pair-type    4    4   20 HWt
pair-type    5    7   17 WWt
pair-type    6    8   16 WHt
pair-type    7    9   15 HSt
pair-type    8   10   14 ++c
pair-type    9   11   13 WWc
  The total base pairs =   9 (from   24 bases);
  Number of Helix =   1; The longest is number  1

Ploting 2D structure...
Input file is (url064.pdb.xml) with number of chains (2)
helix_width =    117.86
Number of base pairs (including tertiary interactions):   11
Number of helix (anti-parallel):   1
Number of single strand:   2

2D structure (PS) finished! see output file: url064.pdb.ps

3D structure (VRML) finished! see output file: url064.pdb_new.wrl

Time used: 0.03 seconds
